<!doctype html>
<html lang="en">

<head>
  <!-- Required meta tags -->
  <meta charset="utf-8">
  <meta name="viewport" content="width=device-width, initial-scale=1, shrink-to-fit=no">
  <!--css-->

  <link rel="stylesheet" type="text/css" href="css/fontawesome.min.css" />
  <!-- <link rel="stylesheet" href="https://cdnjs.cloudflare.com/ajax/libs/font-awesome/4.7.0/css/font-awesome.min.css"> -->
  <link rel="stylesheet" href="https://use.fontawesome.com/releases/v5.3.1/css/all.css">
  <link rel="stylesheet" type="text/css" href="css/bootstrap.min.css" />
  <link rel="stylesheet" type="text/css" href="css/main.css" />
  <link rel="stylesheet" type="text/css" href="css/animate.css" />
  <link href="https://fonts.googleapis.com/css?family=Droid+Serif:400,400i" rel="stylesheet">
  <link href="https://fonts.googleapis.com/css?family=Montserrat:400,700" rel="stylesheet">
  <link href="https://fonts.googleapis.com/css?family=Roboto+Slab" rel="stylesheet">


  <title>Website</title>

</head>

<body>
  <section id="cover">
    <div class="container">
      <div class="row">
        <nav class="navbar navbar-expand-sm fixed-top navbar-inverse bg-inverse">



          <a class="navbar-brand" href="#"><img src="images/logo.png " width="30px" height="15px"  alt="Website"/></a> 
          <button class="navbar-toggler" type="button" data-toggle="collapse" data-target="#navbarNav" aria-controls="navbarNav"
            aria-expanded="false" aria-label="Toggle navigation">
            <span class="navbar-toggler-icon"></span>
          </button>
          <div class="collapse navbar-collapse justify-content-end" id="navbarNav">
            <ul class="navbar-nav">
              <li class="nav-item ">
                <a class="nav-link" href="#cover">HOME <span class="sr-only">(current)</span></a>
              </li>

              <li class="nav-item">
                <a class="nav-link" href="#portfolio">PORTFOLIO</a>
              </li>
              <li class="nav-item">
                <a class="nav-link" href="#aboutUs">ABOUT</a>
              </li>
              <li class="nav-item">
                <a class="nav-link" href="#services">SERVICES</a>
              </li>
              <li class="nav-item">
                <a class="nav-link" href="#contact">CONTACT</a>
              </li>

            </ul>
          </div>
        </nav>
      </div>

      <div class="row text-center">
        <div class="col-sm-12">
          <h1>Hi! I'm </h1>
        </div>
        <div class="col-sm-12">
          <h2>Welcome to my personel website</h2>
        </div>
        <div class="col-sm-12">
          <a href="#"><button type="button" class="btn btn-primary btn-lg">tell me more</button></a>
        </div>
      </div>
    </div>

  </section>
  <!-- <div class="container">
        <nav>
            <a class="navbar-brand" href="#">Logo</a>
        <ul class=" nav nav-pills justify-content-end">
            <li class="nav-item"><a href="#" class="nav-link active">Home</a></li>
            <li class="nav-item"><a href="#" class="nav-link">Products</a></li>
            <li class="nav-item"><a href="#" class="nav-link disabled">Services</a></li>
        </ul>
        </nav>
       <div class="row">
            <div class="col-sm-6"> 
                1.sut
            </div>
            <div class="col-sm-6"> 
                2.sut
            </div>
        </div>
    </div> -->

  <section id="portfolio">
    <div class="container">
      <div class="portfolio-top text-center">
        <h3>PORTFOLIO</h3>
        <p1>
          These are my works.I did.I'm doing.I'll do</p1>
      </div><br>
      <div class="portfolio-content text-center">
        <div class="row">
          <div class="col-md-4">
            <div class="card  ">
              <img src="images/1.jpg" alt="product1" width="300px" height="200px">
              <div class="card-block">
                <h5 class="card-title">HTML &amp; CSS</h5>
                <p class="card-subtitle text-muted">HTML (the Hypertext Markup Language) and CSS (Cascading Style
                  Sheets) are two of the core technologies for building Web pages.</p>
              </div>
            </div>
          </div>
          <div class="col-md-4">
            <div class="card">
              <img src="images/2.jpg" alt="product1" width="300px" height="200px">
              <div class="card-block">
                <h5 class="card-title">JavaScript</h5>
                <p class="card-subtitle text-muted">JavaScript® (often shortened to JS) is a lightweight, interpreted,
                  object-oriented language with first-class functions.</p>
              </div>
            </div>
          </div>
          <div class="col-md-4">
            <div class="card">
              <img src="images/3.jpg" alt="product1" width="300px" height="200px">
              <div class="card-block">
                <h5 class="card-title">REACT</h5>
                <p class="card-subtitle text-muted">React makes it painless to create interactive UIs. Design simple
                  views for each state in your application.</p>
              </div>
            </div>
          </div>
        </div>
        <div class="row">
          <div class="col-md-4">
            <div class="card">
              <img src="images/4.jpg" alt="product1" width="300px" height="200px">
              <div class="card-block">
                <h5 class="card-title">BOOTSTRAP 4</h5>
                <p class="card-subtitle text-muted">With Bootstrap 4, we once again rewrote the project to account for
                  two key architectural changes. </p>
              </div>
            </div>
          </div>
          <div class="col-md-4">
            <div class="card">
              <img src="images/6.jpg" alt="product1" width="300px" height="200px">
              <div class="card-block">
                <h5 class="card-title">C#</h5>
                <p class="card-subtitle text-muted">The language is intended to be a simple, modern, general-purpose,
                  object-oriented programming language.
                </p>
              </div>
            </div>
          </div>
          <div class="col-md-4">
            <div class="card">
              <img src="images/7.jpg" alt="product1" width="300px" height="200px">
              <div class="card-block">
                <h5 class="card-title">MCSE</h5>
                <p class="card-subtitle text-muted">An MCSE (Microsoft Certified Systems Engineer) is someone who has
                  passed exams about the Microsoft Windows NT operating system.</p>
              </div>
            </div>
          </div>
        </div>
        <!-- <div class="row">
                <div class="col-md-4">
                  <div class="card">
                    <img src="images/5.jpg" alt="product1" width="300px" height="200px">
                    <div class="card-block">
                      <h5 class="card-title"></h5>  
                      <p class="card-subtitle text-muted">Brandin</p>                
                    </div>
                  </div>
                </div>
                <div class="col-md-4">
                    <div class="card">
                      <img src="images/6.jpg" alt="product1" width="300px" height="200px">
                      <div class="card-block">
                        <h5 class="card-title">Ebony &amp; Ivory</h5>  
                        <p class="card-subtitle text-muted">Brandin</p>                
                      </div>
                    </div>
                  </div>
                  <div class="col-md-4">
                      <div class="card">
                        <img src="images/8.jpg" alt="product1" width="300px" height="200px">
                        <div class="card-block">
                          <h5 class="card-title">Ebony &amp; Ivory</h5>  
                          <p class="card-subtitle text-muted">Brandin</p>                
                        </div>
                      </div>
                    </div>
              </div> -->
      </div>
    </div>
  </section>
  <section id="aboutUs">
    <div class="container">
      <div class="aboutUs-top text-center">
        <h3>ABOUT ME</h3>
        <p1>
          Brief information about my life</p1>
      </div><br>
      <div class="aboutUs-content">
        <div class="row">
          <div class="col-md-4 text-right">
            <h6>June 1992</h6>
            <!-- <h6>Our asdffshadfjç </h6> -->
            <p>I was born in.</p>
          </div>
          <div class="col-md-4 text-center">
            <img src="images/us2.jpg" width="200px" height="100px" />
          </div>
        </div>
        <div class="row">
          <div class="col-md-4 offset-md-4 text-center">
            <img src="images/us1.jpg" width="200px" height="100px" />
          </div>
          <div class="col-md-4">
            <h6>September 1999</h6>
            <!-- <h6>Our asdffshadfjç </h6> -->
            <p>I started primary school when I was seven.My school name is " Primary School"</p>
          </div>
        </div>
        <div class="row">
          <div class="col-md-4 text-right">
            <h6>September 2006</h6>
            <!-- <h6>Our asdffshadfjç </h6> -->
            <p>I started high school.My school name is " Anatolia High School."</p>
          </div>
          <div class="col-md-4 text-center">
            <img src="images/us1.jpg" width="200px" height="100px" />
          </div>
        </div>
        <div class="row">
          <div class="col-md-4 offset-md-4 text-center">
            <img src="images/us1.jpg" width="200px" height="100px" />
          </div>
          <div class="col-md-4">
            <h6>September 2011</h6>
            <!-- <h6>Our asdffshadfjç </h6> -->
            <p>I started university.I graduated Atatürk University Engineering Faculty </p>
          </div>
        </div>
        <div class="row">
          <div class="col-md-4 offset-md-4">
            <div class="about-circle text-center ">
              <p class="yellow-text ">My<br>
                Story<br>
                CONTINUES<br>
                ...</p>
            </div>
          </div>
        </div>
      </div>
    </div>
  </section>
  <section id="team">
    <div class="container">
      <div class="team-top text-center">
        <h3>REFERENCES</h3>
        <!-- <p1>Proin icalus purus consequat sem cure</p1> -->
      </div>
      <div class="team-content">
        <div class="row">
          <div class="col-md-4 text-center">
            <div class="team-circle"></div>
            <h6>A</h6>
            <h5>Computer Engineer</h5>
            <ul class="social-icons">
                  <li class="social-icon">
                      <i class="fab fa-twitter-square"></i>
                  </li>
                  <li class="social-icon">
                      <i class="fab fa-facebook"></i>
                  </li>
                  <li class="social-icon">
                      <i class="fab fa-pinterest-square"></i>
                  </li>
                  </ul>
          </div>
          <div class="col-md-4 text-center">
            <div class="team-circle"></div>
            <h6>B</h6>
            <h5>Computer Engineer</h5>
            <ul class="social-icons" >
                    <li class="social-icon">
                        <i class="fab fa-twitter-square"></i>
                    </li>
                    <li class="social-icon">
                        <i class="fab fa-facebook"></i>
                    </li>
                    <li class="social-icon">
                        <i class="fab fa-pinterest-square"></i>
                    </li>
                    </ul>
          </div>
          <div class="col-md-4 text-center">
            <div class="team-circle"></div>
            <h6>C</h6>
            <h5>Computer Engineer</h5>
            <ul class="social-icons">
                      <li class="social-icon">
                          <i class="fab fa-twitter-square"></i>
                      </li>
                      <li class="social-icon">
                          <i class="fab fa-facebook"></i>
                      </li>
                      <li class="social-icon">
                          <i class="fab fa-pinterest-square"></i>
                      </li>
                      </ul>
          </div>
        </div>
        <!-- <div class="row text-center">
                  <p>A video emerged in which the princess said she and her family "did not have freedom of choice" in their lives.</p>
                </div> -->
      </div>
    </div>

  </section>
  <section id="services">
    <div class="container text-center">
      <div class="services-top text-center wow fadeInDown" data-wow-duration="2s">
        <h3>SERVICES</h3>
        <!-- <p1>Proin icalus purus consequat sem cure</p1> -->
      </div>
      <div class="services-content">
        <div class="row">
          <div class="col-md-4 wow fadeInLeft" data-wow-duration="2s">
            <div class="item-circle">
              <i class="fas fa-cart-plus fa-2x"></i>
            </div>
            <h4>E-Commerce</h4>
            <p2>Ecommerce refers to commercial transactions conducted online. This means that whenever you buy and sell
              something using the Internet, you’re involved in ecommerce. </p2>
          </div>
          <div class="col-md-4  wow fadeInUp" data-wow-duration="2s">
            <div class="item-circle">
              <i class="fas fa-desktop fa-2x"></i> 
            </div>
            <h4>Responsive Web</h4>
            <p2>Responsive Web design is the approach that suggests that design and development should respond to the
              user's behavior and environment based on screen size, platform and orientation. </p2>
          </div>
          <div class="col-md-4  wow fadeInRight" data-wow-duration="2s">
            <div class="item-circle">
              <i class="fas fa-lock fa-2x"></i>
            </div>
            <h4>Web Security</h4>
            <p2>Website security is critical component to protect and secure websites and servers. Websites are scanned
              for any possible vulnerabilities and malware through website security software.</p2>
          </div>
        </div>
      </div>
    </div>
  </section>
  <section id="contact">
    <div class="container">
      <div class="contact-top text-center">
        <h3>CONTACT</h3>
        <p1>
          If you want to know more, write to me...</p1>
      </div><br>
      <div class="contact-content">
        <form class="golden-form" role="form" method="POST">
          <div class="row">
            <div class="col-sm-6">
              <div class="form-element">
                <input tye="text" class="golden-form-element" id="name" name="name" placeholder="Your Name">
              </div>
              <div class="form-element">
                <input type="email" class="golden-form-element" id="email" name="email" placeholder="Your E-Mail">
              </div>
              <div class="form-element">
                <input type="text" class="golden-form-element" id="subject" name="subject" placeholder="Subject">
              </div>
            </div>
            <div class="col-sm-6">
              <div class="form-element">
                <textarea class="golden-form-element" id="message"  name="message" placeholder="Your Message" >
                    </textarea>
              </div>
            </div>
          </div>
          <div class="row justify-content-center">
            <div class="form-element">
              <input type="submit" class="btn btn-primary btn-lg" id="submit" name="submit" value="SEND MESSAGE">
            </div>
          </div>
        </form>
      </div>
    </div>

  </section>
  <section id="footer">
    <div class="container">
      <div class="row">
        <div class="col-md-4">
          <p> &copy; Copyright 2014 </p>
        </div>
        <div class="col-md-4">
          <ul class="company-social-icons">
            <li class="company-social-icon">
              <i class="fab fa-twitter-square"></i>
            </li>
            <li class="company-social-icon">
              <i class="fab fa-facebook-square"></i>
            </li>
            <li class="company-social-icon">
              <i class="fab fa-pinterest-square"></i>
            </li>
            <li class="company-social-icon">
              <i class="fab fa-google-plus-square"></i>
            </li>
          </ul>
        </div>
      </div>
    </div>
  </section>

  <!-- Optional JavaScript -->
  <!-- jQuery first, then Popper.js, then Bootstrap JS -->
  <script src="js/jquery-3.3.1.min.js"></script>
  <script src="js/bootstrap.min.js"></script>
  <script src="js/wow.js"></script>
  <script>
    new WOW().init();
  </script>
  <script src="js/main.js"></script>

</body>

</html>